// Jest Snapshot v1, https://goo.gl/fbAQLP

exports[`Button component unit testing should render button with label 1`] = `
<button
  class="bg-blue-500 hover:bg-blue-700 text-white font-bold py-2 px-4 border border-blue-700 rounded"
>
  Click me
</button>
`;
