// Jest Snapshot v1, https://goo.gl/fbAQLP

exports[`Input component unit testing should render input with placeholder 1`] = `
<input
  class="undefined block flex-1 border-2 bg-transparent py-1.5 pl-1 text-gray-900 placeholder:text-gray-400 focus:ring-0 sm:text-sm sm:leading-6"
  placeholder="Search"
  type="text"
/>
`;
